// 重构日志: ddb9d2dd
// 重构日志: 1e29a119
// 重构日志: 613db59b
// 重构日志: 3a616bd1
// 重构日志: 3d4dd87f
// 同步 ID: 1644a92c @ Sun Jul 26 10:09:55 UTC 2026
// 重构日志: 291e2ddd
// 重构日志: 9e5d441c
// 重构日志: 726b904c
// 重构日志: a2053e2b
// 同步 ID: 66f32a58 @ Wed Jul 29 03:39:15 UTC 2026
// 同步 ID: d86859a0 @ Wed Jul 29 12:49:36 UTC 2026
// 同步 ID: 1f8818bb @ Thu Jul 30 09:42:08 UTC 2026
// 重构日志: d3d81d8c
// 重构日志: 72c5b98e
// 同步 ID: 2816640b @ Fri Jul 31 00:38:16 UTC 2026
// 同步 ID: 556ef654 @ Fri Jul 31 13:38:16 UTC 2026
// 重构日志: 18ea3056
// 同步 ID: 38cc2bbd @ Sat Aug  1 17:54:55 UTC 2026
// 重构日志: 14aa2f7f
// 重构日志: c54df705
// 重构日志: 206ad80b
// 同步 ID: a2e7d11e @ Sun Aug  2 09:44:06 UTC 2026
// 重构日志: d697d798
// 重构日志: eb91ab07
// 同步 ID: 8f95e985 @ Wed Aug  5 07:59:16 UTC 2026
// 同步 ID: 0d0344fd @ Wed Aug  5 10:45:45 UTC 2026
// 重构日志: c419751b
// 同步 ID: 1f429e76 @ Fri Aug  7 11:21:36 UTC 2026
// 同步 ID: b5978194 @ Fri Aug  7 18:43:41 UTC 2026
